ets Jul 29 2019 12:21:46
rst:0x1 (POWERON_RESET),boot:0x13 (SPI_FAST_FLASH_BOOT)
configsip: 0, SPIWP:0xee
clk_drv:0x00,q_drv:0x00,d_drv:0x00,cs0_drv:0x00,hd_drv:0x00,wp_drv:0x00
mode:DIO, clock div:1
load:0x3fff0030,len:4876
ho 0 tail 12 room 4
load:0x40078000,len:16532
load:0x40080400,len:3500
entry 0x400805b4
# ==== ESP32: tiempo de ejecucion vs frecuencia de CPU ====
# chip           : ESP32-D0WD-V3, 2 core(s), rev 301
# frec. XTAL     : 40 MHz
# frec. inicial  : 240 MHz
# sizeof: int=4 float=4 double=8 bytes
# calibrando a 240 MHz (objetivo 10 s por prueba)...
# calibracion int    : 1000000 iter en 79468 us -> uso N = 125836814
# calibracion float  : 1000000 iter en 71106 us -> uso N = 140635108
# calibracion double : 1000000 iter en 338792 us -> uso N = 29516635
#
freq_mhz,tipo,iteraciones,tiempo_s,Miter_s
E (2625) task_wdt: esp_task_wdt_reset(707): task not found
E (12624) task_wdt: esp_task_wdt_reset(707): task not found
240,int,125836814,10.000,12.58
E (12832) task_wdt: esp_task_wdt_reset(707): task not found
E (22831) task_wdt: esp_task_wdt_reset(707): task not found
240,float,140635108,9.999,14.06
E (23039) task_wdt: esp_task_wdt_reset(707): task not found
E (33006) task_wdt: esp_task_wdt_reset(707): task not found
240,double,29516635,9.967,2.96
E (33264) task_wdt: esp_task_wdt_reset(707): task not found
E (48291) task_wdt: esp_task_wdt_reset(707): task not found
160,int,125836814,15.028,8.37
E (48499) task_wdt: esp_task_wdt_reset(707): task not found
E (63526) task_wdt: esp_task_wdt_reset(707): task not found
160,float,140635108,15.028,9.36
E (63734) task_wdt: esp_task_wdt_reset(707): task not found
E (78714) task_wdt: esp_task_wdt_reset(707): task not found
160,double,29516635,14.980,1.97
E (78972) task_wdt: esp_task_wdt_reset(707): task not found
E (109200) task_wdt: esp_task_wdt_reset(707): task not found
80,int,125836814,30.227,4.16
E (109407) task_wdt: esp_task_wdt_reset(707): task not found
E (139632) task_wdt: esp_task_wdt_reset(707): task not found
80,float,140635108,30.225,4.65
E (139840) task_wdt: esp_task_wdt_reset(707): task not found
E (169975) task_wdt: esp_task_wdt_reset(707): task not found
80,double,29516635,30.135,0.98
E (170233) task_wdt: esp_task_wdt_reset(707): task not found
E (231379) task_wdt: esp_task_wdt_reset(707): task not found
40,int,125836814,61.145,2.06
E (231587) task_wdt: esp_task_wdt_reset(707): task not found
E (292733) task_wdt: esp_task_wdt_reset(707): task not found
40,float,140635108,61.146,2.30
E (292941) task_wdt: esp_task_wdt_reset(707): task not found
E (353922) task_wdt: esp_task_wdt_reset(707): task not found
40,double,29516635,60.981,0.48
# fin
